Microchip MPLAB XC8 Compiler V1.38 ()

Linker command line:

-W-3 --edf=C:\Program Files (x86)\Microchip\xc8\v1.38\dat\en_msgs.txt -cs \
  -h+dist/default/production\LoRaWAN_v05.production.sym \
  --cmf=dist/default/production\LoRaWAN_v05.production.cmf -z -Q18LF46K22 \
  -oC:\Users\chima\AppData\Local\Temp\s748.2 \
  -Mdist/default/production/LoRaWAN_v05.production.map -E1 -ver=XC8 \
  -ASTACK=06FEh-0f37h -pstack=STACK -ACODE=00h-0FFFFh -ACONST=00h-0FFFFh \
  -ASMALLCONST=01000h-010FFhx240 -AMEDIUMCONST=01000h-0FFFFh \
  -ACOMRAM=01h-05Fh -AABS1=00h-0F37h -ABIGRAM=01h-0F37h \
  -ARAM=060h-0FFh,0100h-01FFhx14,0F00h-0F37h -ABANK0=060h-0FFh \
  -ABANK1=0100h-01FFh -ABANK2=0200h-02FFh -ABANK3=0300h-03FFh \
  -ABANK4=0400h-04FFh -ABANK5=0500h-05FFh -ABANK6=0600h-06FFh \
  -ABANK7=0700h-07FFh -ABANK8=0800h-08FFh -ABANK9=0900h-09FFh \
  -ABANK10=0A00h-0AFFh -ABANK11=0B00h-0BFFh -ABANK12=0C00h-0CFFh \
  -ABANK13=0D00h-0DFFh -ABANK14=0E00h-0EFFh -ABANK15=0F00h-0F37h \
  -ASFR=0F38h-0F5Fh,0F60h-0FFFh \
  -preset_vec=00h,intcode=08h,intcodelo,powerup,init,end_init \
  -pramtop=01000h -psmallconst=SMALLCONST -pmediumconst=MEDIUMCONST \
  -pconst=CONST -AFARRAM=00h-00h -ACONFIG=0300000h-030000Dh -pconfig=CONFIG \
  -AIDLOC=0200000h-0200007h -pidloc=IDLOC -AEEDATA=0F00000h-0F003FFh \
  -peeprom_data=EEDATA \
  -prdata=COMRAM,nvrram=COMRAM,nvbit=COMRAM,rbss=COMRAM,rbit=COMRAM \
  -pfarbss=FARRAM,fardata=FARRAM,nvFARRAM=FARRAM \
  -pintsave_regs=BIGRAM,bigbss=BIGRAM,bigdata=BIGRAM -pbss=RAM \
  -pidata=CODE,irdata=CODE,ibigdata=CODE,ifardata=CODE -prparam=COMRAM \
  C:\Users\chima\AppData\Local\Temp\s748.obj \
  dist/default/production\LoRaWAN_v05.production.obj 

Object code version is 3.11

Machine type is 18LF46K22

Call graph: (short form)




                Name                               Link     Load   Length Selector   Space Scale
C:\Users\chima\AppData\Local\Temp\s748.obj
                stack                               6FE      6FE      83A      6FE       2
                end_init                             94       94        4        4       0
                init                                 90       90        4        4       0
                reset_vec                             0        0        4        0       0
                idloc                            200000   200000        8   200000       0
                config                           300000   300000        E   300000       0
dist/default/production\LoRaWAN_v05.production.obj
                intcode                               8        8       88        4       0
                temp                                 46       46        C        1       1
                mediumconst                        FE6C     FE6C      194     7F36       0
                text228                            78DA     78DA        2        4       0
                text227                            78A0     78A0        6        4       0
                text226                            75A6     75A6       1A        4       0
                text225                            789A     789A        6        4       0
                text224                            78D8     78D8        2        4       0
                text223                            7894     7894        6        4       0
                text222                            7556     7556       1C        4       0
                text221                            788E     788E        6        4       0
                text220                            78D6     78D6        2        4       0
                text219                            7888     7888        6        4       0
                text218                            753A     753A       1C        4       0
                text217                            7818     7818        A        4       0
                text216                            7490     7490       1E        4       0
                text215                            4C3C     4C3C       EE        4       0
                text214                            4E16     4E16       EC        4       0
                text213                            751E     751E       1C        4       0
                text212                            6DBC     6DBC       3E        4       0
                text211                            6A36     6A36       4E        4       0
                text210                            78D4     78D4        2        4       0
                text209                            7502     7502       1C        4       0
                text208                            7754     7754        E        4       0
                text207                            76B8     76B8       14        4       0
                text206                            78D2     78D2        2        4       0
                text205                            74E6     74E6       1C        4       0
                text204                            7746     7746        E        4       0
                text202                            7738     7738        E        4       0
                text201                            76DE     76DE       12        4       0
                text200                            7862     7862        8        4       0
                text199                            61D8     61D8       6A        4       0
                text198                            68FA     68FA       52        4       0
                text197                            67FE     67FE       58        4       0
                text196                            71B8     71B8       2A        4       0
                text195                            63DA     63DA       66        4       0
                text194                            6374     6374       66        4       0
                text193                            6CC0     6CC0       42        4       0
                text192                            7472     7472       1E        4       0
                text191                            4D2A     4D2A       EC        4       0
                text190                            4B4E     4B4E       EE        4       0
                text189                            74CA     74CA       1C        4       0
                text188                            6D7E     6D7E       3E        4       0
                text187                            5F9A     5F9A       7C        4       0
                text186                            5C92     5C92       88        4       0
                text185                            74AE     74AE       1C        4       0
                text184                            6016     6016       76        4       0
                text183                            36D0     36D0      19C        4       0
                text182                            78C6     78C6        4        4       0
                text181                            78C2     78C2        4        4       0
                text180                            76A4     76A4       14        4       0
                text179                            718E     718E       2A        4       0
                text178                            6FB8     6FB8       34        4       0
                text177                            78BE     78BE        4        4       0
                text176                            78BA     78BA        4        4       0
                text175                            76F0     76F0       10        4       0
                text174                            780E     780E        A        4       0
                text173                            7454     7454       1E        4       0
                text172                            65CC     65CC       62        4       0
                text171                            4FE2     4FE2       DC        4       0
                text170                            7882     7882        6        4       0
                text169                            72A6     72A6       26        4       0
                text168                            50BE     50BE       D8        4       0
                text167                            7050     7050       32        4       0
                text166                            386C     386C      196        4       0
                text165                            7804     7804        A        4       0
                text164                            69E8     69E8       4E        4       0
                text163                            56DE     56DE       B4        4       0
                text162                            3E80     3E80      15E        4       0
                text161                            5EA0     5EA0       7E        4       0
                text160                            5574     5574       B6        4       0
                text159                            772A     772A        E        4       0
                text158                            66EC     66EC       5E        4       0
                text157                            2962     2962      254        4       0
                text156                            3D1E     3D1E      162        4       0
                text155                            23EA     23EA      2DA        4       0
                text154                            7232     7232       28        4       0
                text153                            6B1A     6B1A       4A        4       0
                text152                            4864     4864      102        4       0
                text151                            17FA     17FA      31C        4       0
                text150                            68A8     68A8       52        4       0
                text149                            6D40     6D40       3E        4       0
                text148                            5D1A     5D1A       86        4       0
                text147                            699A     699A       4E        4       0
                text146                            7358     7358       22        4       0
                text145                            4632     4632      12C        4       0
                text144                            656A     656A       62        4       0
                text143                            64A4     64A4       64        4       0
                text142                            5266     5266       CE        4       0
                text141                            1382     1382      478        4       0
                text140                            2FA6     2FA6      1EE        4       0
                text139                            785A     785A        8        4       0
                text138                            5DA0     5DA0       82        4       0
                text137                            710E     710E       2C        4       0
                text136                            77FA     77FA        A        4       0
                text135                            7852     7852        8        4       0
                text134                            784A     784A        8        4       0
                text133                            5B78     5B78       8E        4       0
                text132                            77F0     77F0        A        4       0
                text131                            77E6     77E6        A        4       0
                text130                            7842     7842        8        4       0
                text129                            6BF4     6BF4       48        4       0
                text128                            4F02     4F02       E0        4       0
                text127                            662E     662E       60        4       0
                text126                            758C     758C       1A        4       0
                text125                            5C06     5C06       8C        4       0
                text124                            771C     771C        E        4       0
                text123                            7280     7280       26        4       0
                text122                            2BB6     2BB6      200        4       0
                text121                            7436     7436       1E        4       0
                text120                            787C     787C        6        4       0
                text119                            770E     770E        E        4       0
                text118                            7700     7700        E        4       0
                text117                            78D0     78D0        2        4       0
                text116                            6508     6508       62        4       0
                text115                            7876     7876        6        4       0
                text114                            73DA     73DA       20        4       0
                text113                            6D02     6D02       3E        4       0
                text112                             AFA      AFA      888        4       0
                text111                            3A02     3A02      192        4       0
                text110                            668E     668E       5E        4       0
                text109                            608C     608C       72        4       0
                text108                            5F1E     5F1E       7C        4       0
                text107                            5E22     5E22       7E        4       0
                text106                            6C7E     6C7E       42        4       0
                text105                            54B8     54B8       BC        4       0
                text104                            5844     5844       B2        4       0
                text103                            4136     4136      154        4       0
                text102                            58F6     58F6       A6        4       0
                text101                            7870     7870        6        4       0
                text100                            1B16     1B16      2F8        4       0
                text99                             1E0E     1E0E      2F4        4       0
                text98                             6A84     6A84       4C        4       0
                text97                             53FC     53FC       BC        4       0
                text96                             77DC     77DC        A        4       0
                text95                             694C     694C       4E        4       0
                text94                             475E     475E      106        4       0
                text93                             67A6     67A6       58        4       0
                text92                             7666     7666       16        4       0
                text91                             783A     783A        8        4       0
                text90                             7832     7832        8        4       0
                text89                             6EE0     6EE0       38        4       0
                text88                             7638     7638       18        4       0
                text87                             7690     7690       14        4       0
                text86                             7336     7336       22        4       0
                text85                             351E     351E      1B2        4       0
                text84                             701E     701E       32        4       0
                text83                             7418     7418       1E        4       0
                text82                             6EA8     6EA8       38        4       0
                text81                             4966     4966       F6        4       0
                text80                             6FEC     6FEC       32        4       0
                text79                             6E6E     6E6E       3A        4       0
                text78                             6F84     6F84       34        4       0
                text77                             674A     674A       5C        4       0
                text76                             335C     335C      1C2        4       0
                text75                             7650     7650       16        4       0
                text74                             767C     767C       14        4       0
                text73                             428A     428A      148        4       0
                text72                             6AD0     6AD0       4A        4       0
                text71                             72F0     72F0       24        4       0
                text70                             2DB6     2DB6      1F0        4       0
                text69                             78B6     78B6        4        4       0
                text68                             72CC     72CC       24        4       0
                text67                             630E     630E       66        4       0
                text66                             43D2     43D2      134        4       0
                text65                             3194     3194      1C8        4       0
                text64                             7572     7572       1A        4       0
                text63                             616E     616E       6A        4       0
                text62                               98       98      A62        4       0
                text61                             26C4     26C4      29E        4       0
                text60                             5A3E     5A3E       9E        4       0
                text59                             6856     6856       52        4       0
                text58                             5196     5196       D0        4       0
                text57                             3B94     3B94      18A        4       0
                text56                             7314     7314       22        4       0
                text55                             6440     6440       64        4       0
                text54                             70E0     70E0       2E        4       0
                text53                             720A     720A       28        4       0
                text52                             6E34     6E34       3A        4       0
                text51                             6BAC     6BAC       48        4       0
                text50                             7620     7620       18        4       0
                text49                             7608     7608       18        4       0
                text48                             75F0     75F0       18        4       0
                text47                             76CC     76CC       12        4       0
                text46                             62A8     62A8       66        4       0
                text45                             6F4E     6F4E       36        4       0
                text44                             6C3C     6C3C       42        4       0
                text43                             5334     5334       C8        4       0
                text42                             562A     562A       B4        4       0
                text41                             3FDE     3FDE      158        4       0
                text40                             4A5C     4A5C       F2        4       0
                text39                             73FA     73FA       1E        4       0
                text38                             4506     4506      12C        4       0
                text37                             2102     2102      2E8        4       0
                text36                             5792     5792       B2        4       0
                text35                             6DFA     6DFA       3A        4       0
                text34                             7164     7164       2A        4       0
                text33                             75D8     75D8       18        4       0
                text32                             713A     713A       2A        4       0
                text31                             73BA     73BA       20        4       0
                text30                             779E     779E        C        4       0
                text29                             782A     782A        8        4       0
                text28                             78CE     78CE        2        4       0
                text27                             77D2     77D2        A        4       0
                text26                             77C8     77C8        A        4       0
                text25                             70B2     70B2       2E        4       0
                text24                             78B2     78B2        4        4       0
                text23                             7792     7792        C        4       0
                text22                             7786     7786        C        4       0
                text21                             77BE     77BE        A        4       0
                text20                             777A     777A        C        4       0
                text19                             78CC     78CC        2        4       0
                text18                             78CA     78CA        2        4       0
                text17                             786A     786A        6        4       0
                text16                             78AE     78AE        4        4       0
                text15                             77B4     77B4        A        4       0
                text14                             776E     776E        C        4       0
                text13                             739A     739A       20        4       0
                text12                             7762     7762        C        4       0
                text11                             6B64     6B64       48        4       0
                text10                             78AA     78AA        4        4       0
                text9                              725A     725A       26        4       0
                text8                              77AA     77AA        A        4       0
                text7                              78A6     78A6        4        4       0
                text6                              71E2     71E2       28        4       0
                text5                              737A     737A       20        4       0
                text4                              60FE     60FE       70        4       0
                text3                              75C0     75C0       18        4       0
                text2                              6F18     6F18       36        4       0
                text1                              6242     6242       66        4       0
                text0                              5ADC     5ADC       9C        4       0
                cstackCOMRAM                          1        1       31        1       1
                cstackBANK0                          60       60       88       60       1
                cstackBANK1                         100      100       7D      100       1
                bssBIGRAM                           4E0      4E0      21E      4E0       1
                bssBANK4                            400      400       E0      400       1
                bssBANK3                            300      300       A0      300       1
                bssBANK2                            200      200       F5      200       1
                dataBANK1                           1C8      1C8       30      100       1
                bssBANK1                            17D      17D       4B      100       1
                bssBANK0                             E8       E8        B       60       1
                dataCOMRAM                           52       52        8        1       1
                bssCOMRAM                            32       32       14        1       1
                cinit                              599C     599C       A2        4       0
                nvBANK1                             1F8      1F8        8      100       1
                nvCOMRAM                             5A       5A        6        1       1
                idataBANK1                         7082     7082       30        4       0
                idataCOMRAM                        7822     7822        8        4       0

TOTAL           Name                               Link     Load   Length     Space
        CLASS   STACK          
                stack                               6FE      6FE      83A         2

        CLASS   CODE           
                end_init                             94       94        4         0
                init                                 90       90        4         0
                intcode                               8        8       88         0
                reset_vec                             0        0        4         0
                text228                            78DA     78DA        2         0
                text227                            78A0     78A0        6         0
                text226                            75A6     75A6       1A         0
                text225                            789A     789A        6         0
                text224                            78D8     78D8        2         0
                text223                            7894     7894        6         0
                text222                            7556     7556       1C         0
                text221                            788E     788E        6         0
                text220                            78D6     78D6        2         0
                text219                            7888     7888        6         0
                text218                            753A     753A       1C         0
                text217                            7818     7818        A         0
                text216                            7490     7490       1E         0
                text215                            4C3C     4C3C       EE         0
                text214                            4E16     4E16       EC         0
                text213                            751E     751E       1C         0
                text212                            6DBC     6DBC       3E         0
                text211                            6A36     6A36       4E         0
                text210                            78D4     78D4        2         0
                text209                            7502     7502       1C         0
                text208                            7754     7754        E         0
                text207                            76B8     76B8       14         0
                text206                            78D2     78D2        2         0
                text205                            74E6     74E6       1C         0
                text204                            7746     7746        E         0
                text202                            7738     7738        E         0
                text201                            76DE     76DE       12         0
                text200                            7862     7862        8         0
                text199                            61D8     61D8       6A         0
                text198                            68FA     68FA       52         0
                text197                            67FE     67FE       58         0
                text196                            71B8     71B8       2A         0
                text195                            63DA     63DA       66         0
                text194                            6374     6374       66         0
                text193                            6CC0     6CC0       42         0
                text192                            7472     7472       1E         0
                text191                            4D2A     4D2A       EC         0
                text190                            4B4E     4B4E       EE         0
                text189                            74CA     74CA       1C         0
                text188                            6D7E     6D7E       3E         0
                text187                            5F9A     5F9A       7C         0
                text186                            5C92     5C92       88         0
                text185                            74AE     74AE       1C         0
                text184                            6016     6016       76         0
                text183                            36D0     36D0      19C         0
                text182                            78C6     78C6        4         0
                text181                            78C2     78C2        4         0
                text180                            76A4     76A4       14         0
                text179                            718E     718E       2A         0
                text178                            6FB8     6FB8       34         0
                text177                            78BE     78BE        4         0
                text176                            78BA     78BA        4         0
                text175                            76F0     76F0       10         0
                text174                            780E     780E        A         0
                text173                            7454     7454       1E         0
                text172                            65CC     65CC       62         0
                text171                            4FE2     4FE2       DC         0
                text170                            7882     7882        6         0
                text169                            72A6     72A6       26         0
                text168                            50BE     50BE       D8         0
                text167                            7050     7050       32         0
                text166                            386C     386C      196         0
                text165                            7804     7804        A         0
                text164                            69E8     69E8       4E         0
                text163                            56DE     56DE       B4         0
                text162                            3E80     3E80      15E         0
                text161                            5EA0     5EA0       7E         0
                text160                            5574     5574       B6         0
                text159                            772A     772A        E         0
                text158                            66EC     66EC       5E         0
                text157                            2962     2962      254         0
                text156                            3D1E     3D1E      162         0
                text155                            23EA     23EA      2DA         0
                text154                            7232     7232       28         0
                text153                            6B1A     6B1A       4A         0
                text152                            4864     4864      102         0
                text151                            17FA     17FA      31C         0
                text150                            68A8     68A8       52         0
                text149                            6D40     6D40       3E         0
                text148                            5D1A     5D1A       86         0
                text147                            699A     699A       4E         0
                text146                            7358     7358       22         0
                text145                            4632     4632      12C         0
                text144                            656A     656A       62         0
                text143                            64A4     64A4       64         0
                text142                            5266     5266       CE         0
                text141                            1382     1382      478         0
                text140                            2FA6     2FA6      1EE         0
                text139                            785A     785A        8         0
                text138                            5DA0     5DA0       82         0
                text137                            710E     710E       2C         0
                text136                            77FA     77FA        A         0
                text135                            7852     7852        8         0
                text134                            784A     784A        8         0
                text133                            5B78     5B78       8E         0
                text132                            77F0     77F0        A         0
                text131                            77E6     77E6        A         0
                text130                            7842     7842        8         0
                text129                            6BF4     6BF4       48         0
                text128                            4F02     4F02       E0         0
                text127                            662E     662E       60         0
                text126                            758C     758C       1A         0
                text125                            5C06     5C06       8C         0
                text124                            771C     771C        E         0
                text123                            7280     7280       26         0
                text122                            2BB6     2BB6      200         0
                text121                            7436     7436       1E         0
                text120                            787C     787C        6         0
                text119                            770E     770E        E         0
                text118                            7700     7700        E         0
                text117                            78D0     78D0        2         0
                text116                            6508     6508       62         0
                text115                            7876     7876        6         0
                text114                            73DA     73DA       20         0
                text113                            6D02     6D02       3E         0
                text112                             AFA      AFA      888         0
                text111                            3A02     3A02      192         0
                text110                            668E     668E       5E         0
                text109                            608C     608C       72         0
                text108                            5F1E     5F1E       7C         0
                text107                            5E22     5E22       7E         0
                text106                            6C7E     6C7E       42         0
                text105                            54B8     54B8       BC         0
                text104                            5844     5844       B2         0
                text103                            4136     4136      154         0
                text102                            58F6     58F6       A6         0
                text101                            7870     7870        6         0
                text100                            1B16     1B16      2F8         0
                text99                             1E0E     1E0E      2F4         0
                text98                             6A84     6A84       4C         0
                text97                             53FC     53FC       BC         0
                text96                             77DC     77DC        A         0
                text95                             694C     694C       4E         0
                text94                             475E     475E      106         0
                text93                             67A6     67A6       58         0
                text92                             7666     7666       16         0
                text91                             783A     783A        8         0
                text90                             7832     7832        8         0
                text89                             6EE0     6EE0       38         0
                text88                             7638     7638       18         0
                text87                             7690     7690       14         0
                text86                             7336     7336       22         0
                text85                             351E     351E      1B2         0
                text84                             701E     701E       32         0
                text83                             7418     7418       1E         0
                text82                             6EA8     6EA8       38         0
                text81                             4966     4966       F6         0
                text80                             6FEC     6FEC       32         0
                text79                             6E6E     6E6E       3A         0
                text78                             6F84     6F84       34         0
                text77                             674A     674A       5C         0
                text76                             335C     335C      1C2         0
                text75                             7650     7650       16         0
                text74                             767C     767C       14         0
                text73                             428A     428A      148         0
                text72                             6AD0     6AD0       4A         0
                text71                             72F0     72F0       24         0
                text70                             2DB6     2DB6      1F0         0
                text69                             78B6     78B6        4         0
                text68                             72CC     72CC       24         0
                text67                             630E     630E       66         0
                text66                             43D2     43D2      134         0
                text65                             3194     3194      1C8         0
                text64                             7572     7572       1A         0
                text63                             616E     616E       6A         0
                text62                               98       98      A62         0
                text61                             26C4     26C4      29E         0
                text60                             5A3E     5A3E       9E         0
                text59                             6856     6856       52         0
                text58                             5196     5196       D0         0
                text57                             3B94     3B94      18A         0
                text56                             7314     7314       22         0
                text55                             6440     6440       64         0
                text54                             70E0     70E0       2E         0
                text53                             720A     720A       28         0
                text52                             6E34     6E34       3A         0
                text51                             6BAC     6BAC       48         0
                text50                             7620     7620       18         0
                text49                             7608     7608       18         0
                text48                             75F0     75F0       18         0
                text47                             76CC     76CC       12         0
                text46                             62A8     62A8       66         0
                text45                             6F4E     6F4E       36         0
                text44                             6C3C     6C3C       42         0
                text43                             5334     5334       C8         0
                text42                             562A     562A       B4         0
                text41                             3FDE     3FDE      158         0
                text40                             4A5C     4A5C       F2         0
                text39                             73FA     73FA       1E         0
                text38                             4506     4506      12C         0
                text37                             2102     2102      2E8         0
                text36                             5792     5792       B2         0
                text35                             6DFA     6DFA       3A         0
                text34                             7164     7164       2A         0
                text33                             75D8     75D8       18         0
                text32                             713A     713A       2A         0
                text31                             73BA     73BA       20         0
                text30                             779E     779E        C         0
                text29                             782A     782A        8         0
                text28                             78CE     78CE        2         0
                text27                             77D2     77D2        A         0
                text26                             77C8     77C8        A         0
                text25                             70B2     70B2       2E         0
                text24                             78B2     78B2        4         0
                text23                             7792     7792        C         0
                text22                             7786     7786        C         0
                text21                             77BE     77BE        A         0
                text20                             777A     777A        C         0
                text19                             78CC     78CC        2         0
                text18                             78CA     78CA        2         0
                text17                             786A     786A        6         0
                text16                             78AE     78AE        4         0
                text15                             77B4     77B4        A         0
                text14                             776E     776E        C         0
                text13                             739A     739A       20         0
                text12                             7762     7762        C         0
                text11                             6B64     6B64       48         0
                text10                             78AA     78AA        4         0
                text9                              725A     725A       26         0
                text8                              77AA     77AA        A         0
                text7                              78A6     78A6        4         0
                text6                              71E2     71E2       28         0
                text5                              737A     737A       20         0
                text4                              60FE     60FE       70         0
                text3                              75C0     75C0       18         0
                text2                              6F18     6F18       36         0
                text1                              6242     6242       66         0
                text0                              5ADC     5ADC       9C         0
                cinit                              599C     599C       A2         0
                idataBANK1                         7082     7082       30         0
                idataCOMRAM                        7822     7822        8         0

        CLASS   CONST          

        CLASS   SMALLCONST     

        CLASS   MEDIUMCONST    
                mediumconst                        FE6C     FE6C      194         0

        CLASS   COMRAM         
                temp                                 46       46        C         1
                cstackCOMRAM                          1        1       31         1
                dataCOMRAM                           52       52        8         1
                bssCOMRAM                            32       32       14         1
                nvCOMRAM                             5A       5A        6         1

        CLASS   ABS1           

        CLASS   BIGRAM         
                bssBIGRAM                           4E0      4E0      21E         1

        CLASS   RAM            

        CLASS   BANK0          
                cstackBANK0                          60       60       88         1
                bssBANK0                             E8       E8        B         1

        CLASS   BANK1          
                cstackBANK1                         100      100       7D         1
                dataBANK1                           1C8      1C8       30         1
                bssBANK1                            17D      17D       4B         1
                nvBANK1                             1F8      1F8        8         1

        CLASS   BANK2          
                bssBANK2                            200      200       F5         1

        CLASS   BANK3          
                bssBANK3                            300      300       A0         1

        CLASS   BANK4          
                bssBANK4                            400      400       E0         1

        CLASS   BANK5          

        CLASS   BANK6          

        CLASS   BANK7          

        CLASS   BANK8          

        CLASS   BANK9          

        CLASS   BANK10         

        CLASS   BANK11         

        CLASS   BANK12         

        CLASS   BANK13         

        CLASS   BANK14         

        CLASS   BANK15         

        CLASS   SFR            

        CLASS   FARRAM         

        CLASS   CONFIG         
                config                           300000   300000        E         0

        CLASS   IDLOC          
                idloc                            200000   200000        8         0

        CLASS   EEDATA         



SEGMENTS        Name                           Load    Length   Top    Selector   Space  Class

                reset_vec                      000000  000004  000004         0       0  CODE    
                cstackCOMRAM                   000001  00005F  000060         1       1  COMRAM  
                intcode                        000008  0078D4  0078DC         4       0  CODE    
                cstackBANK0                    000060  000093  0000F3        60       1  BANK0   
                cstackBANK1                    000100  000100  000200       100       1  BANK1   
                bssBANK2                       000200  0000F5  0002F5       200       1  BANK2   
                bssBANK3                       000300  0000A0  0003A0       300       1  BANK3   
                bssBANK4                       000400  0000E0  0004E0       400       1  BANK4   
                bssBIGRAM                      0004E0  00021E  0006FE       4E0       1  BIGRAM  
                stack                          0006FE  00083A  000F38       6FE       2  STACK   
                mediumconst                    00FE6C  000194  010000      7F36       0  MEDIUMCO
                idloc                          200000  000008  200008    200000       0  IDLOC   
                config                         300000  00000E  30000E    300000       0  CONFIG  


UNUSED ADDRESS RANGES

        Name                Unused          Largest block    Delta
        BANK0            0000F3-0000FF                D
        BANK10           000A00-000AFF              100
        BANK11           000B00-000BFF              100
        BANK12           000C00-000CFF              100
        BANK13           000D00-000DFF              100
        BANK14           000E00-000EFF              100
        BANK15           000F00-000F37               38
        BANK2            0002F5-0002FF                B
        BANK3            0003A0-0003FF               60
        BANK6            0006FE-0006FF                2
        BANK7            000700-0007FF              100
        BANK8            000800-0008FF              100
        BANK9            000900-0009FF              100
        BIGRAM           0000F3-0000FF                D
                         0002F5-0002FF                B
                         0003A0-0003FF               60
                         0006FE-000F37              83A
        CODE             000004-000007                4
                         0078DC-00FE6B             8590
        CONST            000004-000007                4
                         0078DC-00FE6B             8590
        EEDATA           F00000-F003FF              400
        MEDIUMCONST      0078DC-00FE6B             8590
        RAM              0000F3-0000FF                D
                         0002F5-0002FF                B
                         0003A0-0003FF               60
                         0006FE-000F37              100
        SFR              000F38-000FFF               28
        SMALLCONST       0078DC-00FE6B              100

                                  Symbol Table

?_ADC_Read                                                cstackBANK0  000066
?_ComputeMic                                              cstackBANK0  0000CA
?_ExecuteDevStatus                                        cstackBANK0  000064
?_ExecuteDutyCycle                                        cstackBANK0  000064
?_ExecuteLinkAdr                                          cstackBANK0  000071
?_ExecuteLinkCheck                                        cstackBANK0  000064
?_ExecuteNewChannel                                       cstackBANK0  000070
?_ExecuteRxParamSetupReq                                  cstackBANK0  000070
?_ExecuteRxTimingSetup                                    cstackBANK0  000069
?_ExtractMic                                              cstackBANK0  00006E
?_GetRx1Freq                                              cstackBANK0  000064
?_MacExecuteCommands                                      cstackBANK0  00007A
?_RADIO_ReadRandom                                        cstackBANK0  000070
?_RADIO_ReceiveStart                                      cstackBANK0  000096
?_RADIO_Transmit                                          cstackBANK0  000096
?_Random                                                  cstackBANK0  000077
?_SwTimerReadValue                                        cstackBANK0  00008D
?_SwTimersInterrupt                                       cstackBANK0  00007C
?_TMR1_ReadTimer                                          cstackBANK0  000064
?_TMR_GetDeltaTime                                        cstackBANK0  00006C
?_TMR_SwapTimer                                           cstackBANK0  00006C
?___lldiv                                                 cstackBANK0  000064
?___llmod                                                 cstackBANK0  000064
?___lmul                                                  cstackBANK0  000064
?___lwmod                                                 cstackBANK0  000072
?_rand                                                    cstackBANK0  000070
?i2_SwTimersInterrupt                                     cstackCOMRAM 000019
?i2_TMR1_ReadTimer                                        cstackCOMRAM 000001
?i2_TMR_GetDeltaTime                                      cstackCOMRAM 000009
?i2_TMR_SwapTimer                                         cstackCOMRAM 000009
ADC_Read@channel                                          cstackBANK0  00006A
ADC_Read@result                                           cstackBANK0  00006B
ADC_SelChannel@c                                          cstackBANK0  000065
AESCmac@flag                                              cstackBANK1  000162
AESCmac@i                                                 cstackBANK1  000165
AESCmac@input                                             cstackBANK0  0000C0
AESCmac@j                                                 cstackBANK1  000164
AESCmac@k1                                                cstackBANK1  000110
AESCmac@k2                                                cstackBANK1  000100
AESCmac@key                                               cstackBANK0  0000BC
AESCmac@mLast                                             cstackBANK1  000120
AESCmac@n                                                 cstackBANK1  000163
AESCmac@output                                            cstackBANK0  0000BE
AESCmac@padded                                            cstackBANK1  000130
AESCmac@ptr                                               cstackBANK1  000160
AESCmac@size                                              cstackBANK0  0000C2
AESCmac@x                                                 cstackBANK1  000150
AESCmac@y                                                 cstackBANK1  000140
AESEncode@aux                                             cstackBANK0  00007B
AESEncode@aux1                                            cstackBANK0  00007D
AESEncode@aux2                                            cstackBANK0  00007C
AESEncode@aux3                                            cstackBANK0  00007E
AESEncode@block                                           cstackBANK0  00006A
AESEncode@i                                               cstackBANK0  00007F
AESEncode@key                                             cstackBANK0  00006C
AESEncodeLoRa@block                                       cstackBANK0  000080
AESEncodeLoRa@key                                         cstackBANK0  000082
AESEncodeLoRa@useKey                                      cstackBANK0  000084
AssembleEncryptionBlock@blockId                           cstackBANK0  000072
AssembleEncryptionBlock@bufferIndex                       cstackBANK0  000076
AssembleEncryptionBlock@dir                               cstackBANK0  000075
AssembleEncryptionBlock@firstByte                         cstackBANK0  000073
AssembleEncryptionBlock@frameCounter                      cstackBANK0  00006E
AssembleEncryptionBlock@multicastStatus                   cstackBANK0  000074
AssemblePacket@buffer                                     cstackBANK0  0000CB
AssemblePacket@bufferIndex                                cstackBANK0  0000D5
AssemblePacket@bufferLength                               cstackBANK0  0000CD
AssemblePacket@confirmed                                  cstackBANK0  0000D1
AssemblePacket@fCtrl                                      cstackBANK0  0000D3
AssemblePacket@macCmdIdx                                  cstackBANK0  0000D4
AssemblePacket@mhdr                                       cstackBANK0  0000D2
AssemblePacket@port                                       cstackBANK0  0000CA
CheckFlags@hdr                                            cstackBANK0  000064
CheckMcastFlags@hdr                                       cstackBANK0  000064
ComputeMic@buffer                                         cstackBANK0  0000CC
ComputeMic@bufferLength                                   cstackBANK0  0000CE
ComputeMic@key                                            cstackBANK0  0000CA
ComputeMic@mic                                            cstackBANK0  0000CF
ComputeSessionKeys@joinAcceptBuffer                       cstackBANK0  000094
ConfigureRadio@dataRate                                   cstackBANK0  000075
ConfigureRadio@freq                                       cstackBANK0  000071
ConfigureRadioRx@dataRate                                 cstackBANK0  00007A
ConfigureRadioRx@freq                                     cstackBANK0  000076
ConfigureRadioTx@dataRate                                 cstackBANK0  00007A
ConfigureRadioTx@freq                                     cstackBANK0  000076
ConfigureRadioTx@txPower                                  cstackBANK0  00007B
CountfOptsLength@i                                        cstackBANK0  00006B
CountfOptsLength@macCommandLength                         cstackBANK0  00006A
EnableChannels1@channelIndexMax                           cstackBANK0  00006C
EnableChannels1@channelIndexMin                           cstackBANK0  00006B
EnableChannels1@channelMask                               cstackBANK0  000068
EnableChannels1@channelMaskCntl                           cstackBANK0  00006A
EnableChannels1@i                                         cstackBANK0  00006D
EnableChannels@channelMask                                cstackBANK0  00006E
EnableChannels@channelMaskCntl                            cstackBANK0  000070
EncKeySchedule@key                                        cstackBANK0  000064
EncodeShiftRow@stateTable                                 cstackBANK0  000064
EncodeShiftRow@temp                                       cstackBANK0  000066
EncryptFRMPayload@buffer                                  cstackBANK0  000094
EncryptFRMPayload@bufferLength                            cstackBANK0  000096
EncryptFRMPayload@bufferToBeEncrypted                     cstackBANK0  00009F
EncryptFRMPayload@dir                                     cstackBANK0  000097
EncryptFRMPayload@frameCounter                            cstackBANK0  000098
EncryptFRMPayload@i                                       cstackBANK0  0000A8
EncryptFRMPayload@j                                       cstackBANK0  0000A9
EncryptFRMPayload@k                                       cstackBANK0  0000A7
EncryptFRMPayload@key                                     cstackBANK0  00009C
EncryptFRMPayload@macBufferIndex                          cstackBANK0  00009E
EncryptFRMPayload@multicastStatus                         cstackBANK0  0000A1
ExecuteDevStatus@ptr                                      cstackBANK0  000064
ExecuteDutyCycle@maxDCycle                                cstackBANK0  000069
ExecuteDutyCycle@ptr                                      cstackBANK0  000064
ExecuteLinkAdr@channelMask                                cstackBANK0  000074
ExecuteLinkAdr@dataRate                                   cstackBANK0  000079
ExecuteLinkAdr@ptr                                        cstackBANK0  000071
ExecuteLinkAdr@redundancy                                 cstackBANK0  000077
ExecuteLinkAdr@txPower                                    cstackBANK0  000076
ExecuteLinkCheck@ptr                                      cstackBANK0  000064
ExecuteNewChannel@channelIndex                            cstackBANK0  000077
ExecuteNewChannel@drRange                                 cstackBANK0  000072
ExecuteNewChannel@frequency                               cstackBANK0  000073
ExecuteNewChannel@ptr                                     cstackBANK0  000070
ExecuteRxParamSetupReq@dlSettings                         cstackBANK0  000076
ExecuteRxParamSetupReq@frequency                          cstackBANK0  000072
ExecuteRxParamSetupReq@ptr                                cstackBANK0  000070
ExecuteRxTimingSetup@delay                                cstackBANK0  00006B
ExecuteRxTimingSetup@ptr                                  cstackBANK0  000069
ExtractMic@buffer                                         cstackBANK0  00006E
ExtractMic@bufferLength                                   cstackBANK0  000070
ExtractMic@mic                                            cstackBANK0  000074
FillSubKey@carry                                          cstackBANK0  00006A
FillSubKey@i                                              cstackBANK0  00006B
FillSubKey@key                                            cstackBANK0  000066
FillSubKey@size                                           cstackBANK0  000068
FillSubKey@source                                         cstackBANK0  000064
FindSmallestDataRate@dataRate                             cstackBANK0  000067
FindSmallestDataRate@found                                cstackBANK0  000065
FindSmallestDataRate@i                                    cstackBANK0  000066
GenerateSubkey@F7870                                      dataBANK1    0001C8
GenerateSubkey@const_Rb                                   cstackBANK0  00009B
GenerateSubkey@i                                          cstackBANK0  0000BB
GenerateSubkey@k1                                         cstackBANK0  000096
GenerateSubkey@k2                                         cstackBANK0  000098
GenerateSubkey@key                                        cstackBANK0  000094
GenerateSubkey@l                                          cstackBANK0  0000AB
HALResetPinOutputValue@value                              cstackBANK0  000064
HALSPISend@data                                           cstackBANK0  000065
INT0_SetInterruptHandler@InterruptHandler                 cstackBANK0  000064
INT1_SetInterruptHandler@InterruptHandler                 cstackBANK0  000064
INT2_SetInterruptHandler@InterruptHandler                 cstackBANK0  000064
INTERRUPT_GetDioStatus@a                                  cstackBANK0  000064
IOCB4_SetInterruptHandler@InterruptHandler                cstackBANK0  000064
IncludeMacCommandsResponse@bIncludeInFopts                cstackBANK0  000067
IncludeMacCommandsResponse@bufferIndex                    cstackBANK0  00006F
IncludeMacCommandsResponse@i                              cstackBANK0  00006E
IncludeMacCommandsResponse@macBuffer                      cstackBANK0  000064
IncludeMacCommandsResponse@pBufferIndex                   cstackBANK0  000066
InitDefault433Channels@i                                  cstackBANK0  00006E
InitDefault868Channels@i                                  cstackBANK0  00006E
LORAWAN_GetMaxPayloadSize@macCommandsLength               cstackBANK0  00006D
LORAWAN_GetMaxPayloadSize@result                          cstackBANK0  00006E
LORAWAN_Init@RxJoinResponse                               cstackBANK0  0000A8
LORAWAN_Init@RxPayload                                    cstackBANK0  0000A6
LORAWAN_Join@activationTypeNew                            cstackBANK0  0000DE
LORAWAN_Join@bufferIndex                                  cstackBANK0  0000DC
LORAWAN_Join@result                                       cstackBANK0  0000DD
LORAWAN_LinkCheckConfigure@iCtr                           cstackBANK0  0000A4
LORAWAN_LinkCheckConfigure@period                         cstackBANK0  000096
LORAWAN_Reset@ismBandNew                                  cstackBANK0  0000A5
LORAWAN_RxDone@buffer                                     cstackBANK1  000166
LORAWAN_RxDone@bufferIndex                                cstackBANK1  000170
LORAWAN_RxDone@bufferLength                               cstackBANK1  000168
LORAWAN_RxDone@channelIndex                               cstackBANK1  00016A
LORAWAN_RxDone@computedMic                                cstackBANK1  000174
LORAWAN_RxDone@extractedMic                               cstackBANK1  00016C
LORAWAN_RxDone@fPort                                      cstackBANK1  000169
LORAWAN_RxDone@frmPayloadLength                           cstackBANK1  00017A
LORAWAN_RxDone@hdr                                        cstackBANK1  00017B
LORAWAN_RxDone@joinAccept                                 cstackBANK1  000178
LORAWAN_RxDone@mhdr                                       cstackBANK1  00016B
LORAWAN_RxDone@packet                                     cstackBANK1  000172
LORAWAN_RxDone@temp                                       cstackBANK1  000171
LORAWAN_RxTimeout@i                                       cstackBANK0  0000AF
LORAWAN_RxTimeout@minim                                   cstackBANK0  0000AB
LORAWAN_Send@buffer                                       cstackBANK0  0000D7
LORAWAN_Send@bufferLength                                 cstackBANK0  0000D9
LORAWAN_Send@confirmed                                    cstackBANK0  0000DC
LORAWAN_Send@port                                         cstackBANK0  0000D6
LORAWAN_Send@result                                       cstackBANK0  0000DB
LORAWAN_SetApplicationSessionKey@applicationSessionKeyNew cstackBANK0  00006E
LORAWAN_SetChannelIdStatus@channelId                      cstackBANK0  00006A
LORAWAN_SetChannelIdStatus@statusNew                      cstackBANK0  000068
LORAWAN_SetDeviceAddress@deviceAddressNew                 cstackBANK0  000064
LORAWAN_SetNetworkSessionKey@networkSessionKeyNew         cstackBANK0  00006E
LORAWAN_TxDone@delta                                      cstackBANK0  0000C5
LORAWAN_TxDone@found                                      cstackBANK0  0000C4
LORAWAN_TxDone@i                                          cstackBANK0  0000D1
LORAWAN_TxDone@minim                                      cstackBANK0  0000CD
LORAWAN_TxDone@ticks                                      cstackBANK0  0000C9
LORAWAN_TxDone@timeOnAir                                  cstackBANK0  0000A0
MacExecuteCommands@buffer                                 cstackBANK0  00007A
MacExecuteCommands@done                                   cstackBANK0  00007F
MacExecuteCommands@fOptsLen                               cstackBANK0  00007C
MacExecuteCommands@ptr                                    cstackBANK0  000080
PrepareJoinRequestFrame@bufferIndex                       cstackBANK0  0000DA
PrepareJoinRequestFrame@iCtr                              cstackBANK0  0000DB
PrepareJoinRequestFrame@mhdr                              cstackBANK0  0000D9
PrepareJoinRequestFrame@mic                               cstackBANK0  0000D5
PrepareSessionKeys@appNonce                               cstackBANK0  000070
PrepareSessionKeys@index                                  cstackBANK0  000074
PrepareSessionKeys@networkId                              cstackBANK0  000072
PrepareSessionKeys@sessionKey                             cstackBANK0  00006E
RADIO_DIO0@dioMapping                                     cstackBANK0  0000E6
RADIO_DIO0@opMode                                         cstackBANK0  0000E7
RADIO_DIO1@dioMapping                                     cstackBANK0  0000B1
RADIO_DIO2@dioMapping                                     cstackBANK0  00007E
RADIO_FSKPacketSent@irqFlags                              cstackBANK0  0000DE
RADIO_FSKPacketSent@timeOnAir                             cstackBANK0  0000D6
RADIO_FSKPayloadReady@i                                   cstackBANK0  0000E3
RADIO_FSKPayloadReady@irqFlags                            cstackBANK0  0000E2
RADIO_Init@frequency                                      cstackBANK0  00007F
RADIO_Init@radioBuffer                                    cstackBANK0  00007D
RADIO_ReadRandom@i                                        cstackBANK0  000074
RADIO_ReadRandom@retVal                                   cstackBANK0  000072
RADIO_ReceiveStart@rxWindowSize                           cstackBANK0  000096
RADIO_RegisterRead@readValue                              cstackBANK0  000067
RADIO_RegisterRead@reg                                    cstackBANK0  000066
RADIO_RegisterWrite@reg                                   cstackBANK0  000067
RADIO_RegisterWrite@value                                 cstackBANK0  000066
RADIO_RxDone@i                                            cstackBANK0  0000E3
RADIO_RxDone@irqFlags                                     cstackBANK0  0000E2
RADIO_SetBandwidth@bandwidth                              cstackBANK0  000064
RADIO_SetCRC@crc                                          cstackBANK0  000064
RADIO_SetChannelFrequency@frequency                       cstackBANK0  000064
RADIO_SetFSKSyncWord@syncWord                             cstackBANK0  00006E
RADIO_SetFSKSyncWord@syncWordLen                          cstackBANK0  000070
RADIO_SetFrequencyHopPeriod@frequencyHopPeriod            cstackBANK0  000064
RADIO_SetIQInverted@iqInverted                            cstackBANK0  000064
RADIO_SetLoRaSyncWord@syncWord                            cstackBANK0  000064
RADIO_SetModulation@modulation                            cstackBANK0  000064
RADIO_SetOutputPower@power                                cstackBANK0  000064
RADIO_SetSpreadingFactor@spreadingFactor                  cstackBANK0  000064
RADIO_Transmit@buffer                                     cstackBANK0  000096
RADIO_Transmit@bufferLen                                  cstackBANK0  000098
RADIO_Transmit@i                                          cstackBANK0  0000A6
RADIO_Transmit@regValue                                   cstackBANK0  0000A5
RADIO_TxDone@timeOnAir                                    cstackBANK0  0000D6
RADIO_UnhandledInterrupt@modulation                       cstackBANK0  000068
RADIO_WriteConfiguration@i                                cstackBANK0  000081
RADIO_WriteConfiguration@regValue                         cstackBANK0  000086
RADIO_WriteConfiguration@symbolTimeout                    cstackBANK0  00007D
RADIO_WriteConfiguration@tempValue                        cstackBANK0  000082
RADIO_WriteFSKBitRate@bitRate                             cstackBANK0  000071
RADIO_WriteFSKBitRate@num                                 cstackBANK0  000075
RADIO_WriteFSKFrequencyDeviation@frequencyDeviation       cstackBANK0  000071
RADIO_WriteFSKFrequencyDeviation@num                      cstackBANK0  000075
RADIO_WriteFrequency@frequency                            cstackBANK0  000071
RADIO_WriteFrequency@num                                  cstackBANK0  000079
RADIO_WriteFrequency@num_mod                              cstackBANK0  000075
RADIO_WriteMode@blocking                                  cstackBANK0  00006A
RADIO_WriteMode@currentMode                               cstackBANK0  00006D
RADIO_WriteMode@currentModulation                         cstackBANK0  00006B
RADIO_WriteMode@dioMapping                                cstackBANK0  00006C
RADIO_WriteMode@newMode                                   cstackBANK0  00006E
RADIO_WriteMode@newModulation                             cstackBANK0  000069
RADIO_WriteMode@opMode                                    cstackBANK0  00006F
RADIO_WritePower@ocp                                      cstackBANK0  000068
RADIO_WritePower@paDac                                    cstackBANK0  000069
RADIO_WritePower@power                                    cstackBANK0  00006A
Random@max                                                cstackBANK0  000077
RxDataDone@dataLength                                     cstackBANK0  000066
RxDataDone@pData                                          cstackBANK0  000064
RxDataDone@status                                         cstackBANK0  000067
SPI2_Exchange8bit@data                                    cstackBANK0  000064
SearchAvailableChannel@channelIndex                       cstackBANK0  00007A
SearchAvailableChannel@i                                  cstackBANK0  000084
SearchAvailableChannel@maxChannels                        cstackBANK0  000082
SearchAvailableChannel@randomNumber                       cstackBANK0  000083
SearchAvailableChannel@randomNumberCopy                   cstackBANK0  000080
SearchAvailableChannel@result                             cstackBANK0  000081
SearchAvailableChannel@transmissionType                   cstackBANK0  000079
SelectChannelForTransmission@channelIndex                 cstackBANK0  000087
SelectChannelForTransmission@result                       cstackBANK0  000086
SelectChannelForTransmission@transmissionType             cstackBANK0  000085
StartReTxTimer@i                                          cstackBANK0  00009E
StartReTxTimer@minim                                      cstackBANK0  00009A
SwTimerCreate@retVal                                      cstackBANK0  000064
SwTimerIsRunning@isRunning                                cstackBANK0  000065
SwTimerIsRunning@timerId                                  cstackBANK0  000064
SwTimerReadValue@ticksCount                               cstackBANK0  000091
SwTimerReadValue@timerId                                  cstackBANK0  000095
SwTimerSetCallback@callback                               cstackBANK0  000064
SwTimerSetCallback@callbackParameter                      cstackBANK0  000066
SwTimerSetCallback@timerId                                cstackBANK0  000067
SwTimerSetTimeout@timeout                                 cstackBANK0  000071
SwTimerSetTimeout@timerId                                 cstackBANK0  000079
SwTimerStart@ticksRemaining                               cstackBANK0  000091
SwTimerStart@timerId                                      cstackBANK0  000095
SwTimerStop@timerId                                       cstackBANK0  000064
SwTimersExecute@i                                         cstackBANK0  0000E1
SwTimersInterrupt@i                                       cstackBANK0  00008C
SwTimersInterrupt@ticksToNextTimerEvent                   cstackBANK0  000088
SwTimersInterrupt@timeElapsed                             cstackBANK0  000084
SystemBlockingWaitMs@ms                                   cstackBANK0  000064
TMR1_ReadTimer@readVal                                    cstackBANK0  000068
TMR1_ReadTimer@readValHigh                                cstackBANK0  00006A
TMR1_ReadTimer@readValLow                                 cstackBANK0  00006B
TMR1_SetInterruptHandler@InterruptHandler                 cstackBANK0  000064
TMR1_WriteTimer@timerVal                                  cstackBANK0  000064
TMR3_SetInterruptHandler@InterruptHandler                 cstackBANK0  000064
TMR_GetDeltaTime@retVal                                   bssCOMRAM    000032
TMR_GetDeltaTime@tmrVal                                   bssCOMRAM    00003E
TMR_OverrideRemaining@oldReloadVal                        cstackBANK0  000076
TMR_OverrideRemaining@ticksRemaining                      cstackBANK0  00006E
TMR_OverrideRemaining@tmrVal                              cstackBANK0  000074
TMR_SwapTimer@oldVal                                      bssCOMRAM    000040
TMR_SwapTimer@retVal                                      bssCOMRAM    000042
TMR_SwapTimer@timerVal                                    cstackBANK0  00006C
UpdateCfList@bufferLength                                 cstackBANK0  000074
UpdateCfList@channelIndex                                 cstackBANK0  000079
UpdateCfList@frequency                                    cstackBANK0  000075
UpdateCfList@i                                            cstackBANK0  00007A
UpdateCfList@joinAccept                                   cstackBANK0  000070
UpdateChannelIdStatus@channelId                           cstackBANK0  000066
UpdateChannelIdStatus@i                                   cstackBANK0  000067
UpdateChannelIdStatus@statusNew                           cstackBANK0  000064
UpdateCurrentDataRate@valueNew                            cstackBANK0  000064
UpdateDLSettings@dlRx1DrOffset                            cstackBANK0  000064
UpdateDLSettings@dlRx2Dr                                  cstackBANK0  000065
UpdateDataRange@channelId                                 cstackBANK0  000066
UpdateDataRange@dataRangeNew                              cstackBANK0  000064
UpdateDataRange@i                                         cstackBANK0  000067
UpdateDutyCycle@channelId                                 cstackBANK0  000066
UpdateDutyCycle@dutyCycleNew                              cstackBANK0  000064
UpdateFrequency@channelId                                 cstackBANK0  000068
UpdateFrequency@frequencyNew                              cstackBANK0  000064
UpdateJoinInProgress@state                                cstackBANK0  000064
UpdateMinMaxChDataRate@i                                  cstackBANK0  000065
UpdateReceiveDelays@delay                                 cstackBANK0  000068
UpdateReceiveWindow2Parameters@dataRate                   cstackBANK0  000068
UpdateReceiveWindow2Parameters@frequency                  cstackBANK0  000064
UpdateTxPower@txPowerNew                                  cstackBANK0  000064
ValidateChannelId@allowedForDefaultChannels               cstackBANK0  000064
ValidateChannelId@channelId                               cstackBANK0  000066
ValidateChannelId@result                                  cstackBANK0  000065
ValidateChannelMask@channelMask                           cstackBANK0  000064
ValidateChannelMask@i                                     cstackBANK0  000066
ValidateChannelMaskCntl@channelMaskCntl                   cstackBANK0  000065
ValidateChannelMaskCntl@result                            cstackBANK0  000064
ValidateDataRange@dataRangeNew                            cstackBANK0  000067
ValidateDataRange@dataRateMax                             cstackBANK0  000068
ValidateDataRange@dataRateMin                             cstackBANK0  000069
ValidateDataRange@result                                  cstackBANK0  000066
ValidateDataRate@dataRate                                 cstackBANK0  000064
ValidateDataRate@result                                   cstackBANK0  000065
ValidateFrequency@frequencyNew                            cstackBANK0  000064
ValidateFrequency@result                                  cstackBANK0  000068
ValidateRxOffset@result                                   cstackBANK0  000065
ValidateRxOffset@rxOffset                                 cstackBANK0  000064
ValidateTxPower@result                                    cstackBANK0  000064
ValidateTxPower@txPowerNew                                cstackBANK0  000065
_ADCON0bits                                               (abs)        000FC2
_ADCON2bits                                               (abs)        000FC0
_ADC_Init                                                 text202      007738
_ADC_Read                                                 text2        006F18
_ADC_SelChannel                                           text3        0075C0
_ADRESH                                                   (abs)        000FC4
_ADRESL                                                   (abs)        000FC3
_AESCmac                                                  text151      0017FA
_AESEncode                                                text155      0023EA
_AESEncode$4143                                           cstackBANK0  000075
_AESEncode$4144                                           cstackBANK0  000077
_AESEncode$4145                                           cstackBANK0  000079
_AESEncodeLoRa                                            text154      007232
_ANSD0                                                    (abs)        0079D8
_ANSD1                                                    (abs)        0079D9
[...]
 Defined at:
		line 60 in file "mcc_generated_files/ext_int.c"
 Parameters:    Size  Location     Type
		None
 Auto vars:     Size  Location     Type
		None
 Return value:  Size  Location     Type
                  1    wreg      void 
 Registers used:
		wreg, status,2, status,0, pclat, tosl, cstack
 Tracked objects:
		On entry : 
		On exit  : 
		Unchanged: 
 Data sizes:     COMRAM   BANK0   BANK1   BANK2   BANK3   BANK4   BANK5   BANK6   BANK7   BANK8   BANK9  BANK10  BANK11  BANK12  BANK13  BANK14  BANK15
      Params:         0       0       0       0       0       0       0       0       0       0       0       0       0       0       0       0       0
      Locals:         0       0       0       0       0       0       0       0       0       0       0       0       0       0       0       0       0
      Temps:          0       0       0       0       0       0       0       0       0       0       0       0       0       0       0       0       0
      Totals:         0       0       0       0       0       0       0       0       0       0       0       0       0       0       0       0       0
Total ram usage:        0 bytes
 Hardware stack levels used:    1
 Hardware stack levels required when called:    1
 This function calls:
		Absolute function
		_DIO0_ISR_Lora
		_INT1_DefaultInterruptHandler
 This function is called by:
		_INT1_ISR
 This function uses a non-reentrant model


 *************** function _DIO0_ISR_Lora *****************
 Defined at:
		line 63 in file "mcc_generated_files/LoRaWAN/interrupt_manager_lora_addons.c"
 Parameters:    Size  Location     Type
		None
 Auto vars:     Size  Location     Type
		None
 Return value:  Size  Location     Type
                  1    wreg      void 
 Registers used:
		status,2, status,0
 Tracked objects:
		On entry : 
		On exit  : 
		Unchanged: 
 Data sizes:     COMRAM   BANK0   BANK1   BANK2   BANK3   BANK4   BANK5   BANK6   BANK7   BANK8   BANK9  BANK10  BANK11  BANK12  BANK13  BANK14  BANK15
      Params:         0       0       0       0       0       0       0       0       0       0       0       0       0       0       0       0       0
      Locals:         0       0       0       0       0       0       0       0       0       0       0       0       0       0       0       0       0
      Temps:          0       0       0       0       0       0       0       0       0       0       0       0       0       0       0       0       0
      Totals:         0       0       0       0       0       0       0       0       0       0       0       0       0       0       0       0       0
Total ram usage:        0 bytes
 Hardware stack levels used:    1
 This function calls:
		Nothing
 This function is called by:
		_DIO0_ISR_Lora_Init
		_INT1_CallBack
 This function uses a non-reentrant model


 *************** function _INT1_DefaultInterruptHandler *****************
 Defined at:
		line 79 in file "mcc_generated_files/ext_int.c"
 Parameters:    Size  Location     Type
		None
 Auto vars:     Size  Location     Type
		None
 Return value:  Size  Location     Type
                  1    wreg      void 
 Registers used:
		None
 Tracked objects:
		On entry : 
		On exit  : 
		Unchanged: 
 Data sizes:     COMRAM   BANK0   BANK1   BANK2   BANK3   BANK4   BANK5   BANK6   BANK7   BANK8   BANK9  BANK10  BANK11  BANK12  BANK13  BANK14  BANK15
      Params:         0       0       0       0       0       0       0       0       0       0       0       0       0       0       0       0       0
      Locals:         0       0       0       0       0       0       0       0       0       0       0       0       0       0       0       0       0
      Temps:          0       0       0       0       0       0       0       0       0       0       0       0       0       0       0       0       0
      Totals:         0       0       0       0       0       0       0       0       0       0       0       0       0       0       0       0       0
Total ram usage:        0 bytes
 Hardware stack levels used:    1
 This function calls:
		Nothing
 This function is called by:
		_EXT_INT_Initialize
		_INT1_CallBack
 This function uses a non-reentrant model



MODULE INFORMATION

Module		Function		Class		Link	Load	Size
mcc_generated_files/LoRaWAN/lorawan.c
		_UpdateReceiveWindow2Parameters		CODE           	7650	0000	23
		_ExecuteRxTimingSetup		CODE           	72F0	0000	37
		_ComputeMic    		CODE           	68A8	0000	83
		_SetReceptionNotOkState		CODE           	630E	0000	103
		_PrepareJoinRequestFrame		CODE           	4632	0000	301
		_LORAWAN_ReceiveWindow2Callback		CODE           	5334	0000	201
		_LORAWAN_LinkCheckConfigure		CODE           	36D0	0000	413
		_LORAWAN_SetApplicationSessionKey		CODE           	7164	0000	43
		_CountfOptsLength		CODE           	54B8	0000	189
		_AssembleEncryptionBlock		CODE           	5844	0000	179
		_UpdateCurrentDataRate		CODE           	783A	0000	9
		_UnconfirmedTransmissionCallback		CODE           	62A8	0000	103
		_LORAWAN_SetNetworkSessionKey		CODE           	713A	0000	43
		_MacExecuteCommands		CODE           	2DB6	0000	497
		_IncludeMacCommandsResponse		CODE           	1B16	0000	761
		_LORAWAN_GetMaxPayloadSize		CODE           	6A84	0000	77
		_CheckMcastFlags		CODE           	608C	0000	115
		_SetJoinFailState		CODE           	72CC	0000	37
		_AckRetransmissionCallback		CODE           	4A5C	0000	243
		_PrepareSessionKeys		CODE           	5F1E	0000	125
		_UpdateMinMaxChDataRate		CODE           	56DE	0000	181
		_EncryptFRMPayload		CODE           	4136	0000	341
		_ResetParametersForUnconfirmedTransmission		CODE           	7700	0000	15
		_AutomaticReplyCallback		CODE           	73FA	0000	31
		_ResetParametersForConfirmedTransmission		CODE           	770E	0000	15
		_FindSmallestDataRate		CODE           	58F6	0000	167
		_LORAWAN_SetDeviceAddress		CODE           	75D8	0000	25
		_UpdateTxPower 		CODE           	7832	0000	9
		_CheckFlags    		CODE           	668E	0000	95
		_ExtractMic    		CODE           	6C7E	0000	67
		_LORAWAN_ReceiveWindow1Callback		CODE           	562A	0000	181
		_LORAWAN_Send  		CODE           	53FC	0000	189
		_LORAWAN_Join  		CODE           	5C06	0000	141
		_LORAWAN_GetState		CODE           	7862	0000	9
		_ConfigureRadioRx		CODE           	7280	0000	39
		_UpdateReceiveDelays		CODE           	6AD0	0000	75
		_ComputeSessionKeys		CODE           	5E22	0000	127
		_LORAWAN_LinkCheckCallback		CODE           	3FDE	0000	345
		_UpdateJoinSuccessState		CODE           	4506	0000	301
		_LORAWAN_EnterContinuousReceive		CODE           	6508	0000	99
		_ExecuteLinkCheck		CODE           	701E	0000	51
		_LORAWAN_Mainloop		CODE           	6DFA	0000	59
		_AssemblePacket		CODE           	1E0E	0000	757
		_UpdateRetransmissionAckTimeoutState		CODE           	616E	0000	107
		_Random        		CODE           	7358	0000	35
		_LORAWAN_RxDone		CODE           	0098	0000	2659
		_UpdateJoinInProgress		CODE           	758C	0000	27

mcc_generated_files/LoRaWAN/lorawan.c estimated size: 9729

mcc_generated_files/LoRaWAN/interrupt_manager_lora_addons.c
		_INTERRUPT_GetDioStatus		CODE           	771C	0000	15
		_DIO0_ISR_Lora 		CODE           	78A0	0000	7
		_DIO1_ISR_Lora 		CODE           	7894	0000	7
		_DIO2_ISR_Lora 		CODE           	7888	0000	7

mcc_generated_files/LoRaWAN/interrupt_manager_lora_addons.c estimated size: 36

mcc_generated_files/LoRaWAN/lorawan_aes.c
		_AESEncodeLoRa 		CODE           	7232	0000	41

mcc_generated_files/LoRaWAN/lorawan_aes.c estimated size: 41

C:\Program Files (x86)\Microchip\xc8\v1.38\sources\common\lwmod.c
		___lwmod       		CODE           	6D40	0000	63

C:\Program Files (x86)\Microchip\xc8\v1.38\sources\common\lwmod.c estimated size: 63

C:\Program Files (x86)\Microchip\xc8\v1.38\sources\common\memcpy.c
		_memcpy        		CODE           	67FE	0000	89

C:\Program Files (x86)\Microchip\xc8\v1.38\sources\common\memcpy.c estimated size: 89

C:\Program Files (x86)\Microchip\xc8\v1.38\sources\common\rand.c
		_srand         		CODE           	772A	0000	15
		_rand          		CODE           	699A	0000	79

C:\Program Files (x86)\Microchip\xc8\v1.38\sources\common\rand.c estimated size: 94

C:\Program Files (x86)\Microchip\xc8\v1.38\sources\common\llmod.c
		___llmod       		CODE           	65CC	0000	99

C:\Program Files (x86)\Microchip\xc8\v1.38\sources\common\llmod.c estimated size: 99

mcc_generated_files/LoRaWAN/sw_timer.c
		_SwTimerStop   		CODE           	74AE	0000	29
		_SwTimerStart  		CODE           	5C92	0000	137
		_TMR_GetDeltaTime		CODE           	4D2A	0000	237
		_SwTimerReadValue		CODE           	6D02	0000	63
		_SwTimerIsRunning		CODE           	73DA	0000	33
		_SwTimerCreate 		CODE           	61D8	0000	107
		_TMR_OverrideRemaining		CODE           	5F9A	0000	125
		_TMR_SwapTimer 		CODE           	6D7E	0000	63
		_SwTimerSetCallback		CODE           	7050	0000	51
		_SwTimerSetTimeout		CODE           	6CC0	0000	67
		_SwTimersInterrupt		CODE           	4B4E	0000	239
		_SystemBlockingWaitMs		CODE           	718E	0000	43
		_SwTimersExecute		CODE           	5792	0000	179
		_SystemTimerInit		CODE           	78AE	0000	5

mcc_generated_files/LoRaWAN/sw_timer.c estimated size: 1378

mcc_generated_files/interrupt_manager.c
		_INTERRUPT_Initialize		CODE           	78B2	0000	5
		_INTERRUPT_InterruptManager		CODE           	0008	0000	137

mcc_generated_files/interrupt_manager.c estimated size: 142

mcc_generated_files/pin_manager.c
		_IOCB4_DefaultInterruptHandler		CODE           	78D6	0000	3
		_PIN_MANAGER_Initialize		CODE           	6B64	0000	73
		_PIN_MANAGER_IOC		CODE           	7818	0000	11
		_IOCB4_SetInterruptHandler		CODE           	77BE	0000	11
		_IOCB4_ISR     		CODE           	753A	0000	29

mcc_generated_files/pin_manager.c estimated size: 127

mcc_generated_files/LoRaWAN/lorawan_init.c
		_DIO0_ISR_Lora_Init		CODE           	7792	0000	13
		_DIO1_ISR_Lora_Init		CODE           	7786	0000	13
		_DIO2_ISR_Lora_Init		CODE           	777A	0000	13
		_DIO3_ISR_Lora_Init		CODE           	78CC	0000	3
		_DIO4_ISR_Lora_Init		CODE           	78CA	0000	3
		_LORAWAN_PlatformInit		CODE           	739A	0000	33
		_DIO5_ISR_Lora_Init		CODE           	786A	0000	7

mcc_generated_files/LoRaWAN/lorawan_init.c estimated size: 85

mcc_generated_files/LoRaWAN/radio_driver_hal.c
		_HALDIO5PinValue		CODE           	7882	0000	7
		_HALResetPinMakeInput		CODE           	78C6	0000	5
		_HALResetPinMakeOutput		CODE           	78C2	0000	5
		_HALResetPinOutputValue		CODE           	76A4	0000	21
		_HALSPISend    		CODE           	780E	0000	11
		_HALSPICSDeassert		CODE           	78BA	0000	5
		_HALSPICSAssert		CODE           	78BE	0000	5

mcc_generated_files/LoRaWAN/radio_driver_hal.c estimated size: 59

C:\Program Files (x86)\Microchip\xc8\v1.38\sources\common\Umul32.c
		___lmul        		CODE           	5D1A	0000	135

C:\Program Files (x86)\Microchip\xc8\v1.38\sources\common\Umul32.c estimated size: 135

mcc_generated_files/LoRaWAN/lorawan_aes_cmac.c
		_GenerateSubkey		CODE           	4864	0000	259
		_AESCmac       		CODE           	17FA	0000	797
		_FillSubKey    		CODE           	6B1A	0000	75

mcc_generated_files/LoRaWAN/lorawan_aes_cmac.c estimated size: 1131

C:\Program Files (x86)\Microchip\xc8\v1.38\sources\common\lldiv.c
		___lldiv       		CODE           	6016	0000	119

C:\Program Files (x86)\Microchip\xc8\v1.38\sources\common\lldiv.c estimated size: 119

mcc_generated_files/LoRaWAN/radio_driver_SX1276.c
		_RADIO_ReceiveStart		CODE           	2BB6	0000	513
		_RADIO_Init    		CODE           	386C	0000	407
		_RADIO_SetSpreadingFactor		CODE           	784A	0000	9
		_RADIO_WriteConfiguration		CODE           	1382	0000	1145
		_RADIO_RxFSKTimeout		CODE           	6F4E	0000	55
		_RADIO_WriteFSKBitRate		CODE           	656A	0000	99
		_RADIO_WriteMode		CODE           	50BE	0000	217
		_RADIO_Reset   		CODE           	6FB8	0000	53
		_RADIO_GetStatus		CODE           	7876	0000	7
		_RADIO_RxDone  		CODE           	5196	0000	209
		_RADIO_WriteFSKFrequencyDeviation		CODE           	64A4	0000	101
		_RADIO_GetPacketSnr		CODE           	7870	0000	7
		_RADIO_SetModulation		CODE           	7852	0000	9
		_RADIO_RegisterWrite		CODE           	7454	0000	31
		_RADIO_ReadRandom		CODE           	5EA0	0000	127
		_RADIO_ReleaseData		CODE           	787C	0000	7
		_RADIO_FSKPacketSent		CODE           	3A02	0000	403
		_RADIO_RegisterRead		CODE           	72A6	0000	39
		_RADIO_SetBandwidth		CODE           	785A	0000	9
		_RADIO_ReceiveStop		CODE           	7436	0000	31
		_RADIO_DIO0    		CODE           	6440	0000	101
		_RADIO_DIO1    		CODE           	6E34	0000	59
		_RADIO_DIO2    		CODE           	6BAC	0000	73
		_RADIO_DIO3    		CODE           	7620	0000	25
		_RADIO_DIO4    		CODE           	7608	0000	25
		_RADIO_DIO5    		CODE           	75F0	0000	25
		_RADIO_FHSSChangeChannel		CODE           	70E0	0000	47
		_RADIO_TxDone  		CODE           	3B94	0000	395
		_RADIO_SetFrequencyHopPeriod		CODE           	77FA	0000	11
		_RADIO_FSKPayloadReady		CODE           	5A3E	0000	159
		_RADIO_SetLoRaSyncWord		CODE           	7804	0000	11
		_RADIO_SetIQInverted		CODE           	77E6	0000	11
		_RADIO_SetFSKSyncWord		CODE           	710E	0000	45
		_RADIO_RxTimeout		CODE           	720A	0000	41
		_RADIO_WritePower		CODE           	5266	0000	207
		_RADIO_SetOutputPower		CODE           	7842	0000	9
		_RADIO_WatchdogTimeout		CODE           	6C3C	0000	67
		_RADIO_SetChannelFrequency		CODE           	5DA0	0000	131
		_RADIO_Transmit		CODE           	2FA6	0000	495
		_RADIO_UnhandledInterrupt		CODE           	7314	0000	35
		_RADIO_SetCRC  		CODE           	77F0	0000	11
		_RADIO_WriteFrequency		CODE           	4FE2	0000	221

mcc_generated_files/LoRaWAN/radio_driver_SX1276.c estimated size: 5682

mcc_generated_files/ext_int.c
		_INT0_SetInterruptHandler		CODE           	78CE	0000	3
		_INT1_SetInterruptHandler		CODE           	77D2	0000	11
		_EXT_INT_Initialize		CODE           	70B2	0000	47
		_INT2_SetInterruptHandler		CODE           	77C8	0000	11
		_INT1_DefaultInterruptHandler		CODE           	78DA	0000	3
		_INT1_CallBack 		CODE           	75A6	0000	27
		_INT2_DefaultInterruptHandler		CODE           	78D8	0000	3
		_INT2_CallBack 		CODE           	7556	0000	29
		_INT1_ISR      		CODE           	789A	0000	7
		_INT2_ISR      		CODE           	788E	0000	7

mcc_generated_files/ext_int.c estimated size: 148

mcc_generated_files/LoRaWAN/tmr_lora_addons.c
		_TMR_ISR_Lora_Init		CODE           	776E	0000	13
		_TMR_ISR_lora  		CODE           	6A36	0000	79

mcc_generated_files/LoRaWAN/tmr_lora_addons.c estimated size: 92

shared
		_spreadingFactor		MEDIUMCONST    	FF9B	0000	8
		_maxPayloadSize		MEDIUMCONST    	FF6D	0000	9
		_DefaultChannels433		MEDIUMCONST    	FFA8	0000	43
		_FskSyncWordBuff		MEDIUMCONST    	FFFC	0000	4
		_rxWindowSize  		MEDIUMCONST    	FF85	0000	9
		i2_TMR_SwapTimer		CODE           	6DBC	0000	63
		i2_TMR1_ReadTimer		CODE           	7490	0000	31
		_DefaultChannels868		MEDIUMCONST    	FFD2	0000	43
		_macEndDevCmdReplyLen		MEDIUMCONST    	FF94	0000	8
		__initialization		CODE           	599C	0000	157
		_txPower868    		MEDIUMCONST    	FFA2	0000	7
		i2_TMR1_WriteTimer		CODE           	751E	0000	29
		_rxWindowOffset		MEDIUMCONST    	FF7D	0000	9
		_STable        		MEDIUMCONST    	FE6D	0000	257
		_modulation    		MEDIUMCONST    	FF75	0000	9
		i2_SwTimersInterrupt		CODE           	4E16	0000	237
		_bandwidth     		MEDIUMCONST    	FF8D	0000	8
		i2_TMR_GetDeltaTime		CODE           	4C3C	0000	239

shared estimated size: 1170

mcc_generated_files/LoRaWAN/lorawan_eu.c
		_ExecuteNewChannel		CODE           	335C	0000	451
		_ExecuteLinkAdr		CODE           	351E	0000	435
		_UpdateDataRange		CODE           	4966	0000	247
		_UpdateDutyCycle		CODE           	6FEC	0000	51
		_ValidateChannelMaskCntl		CODE           	7638	0000	25
		_LORAWAN_RxTimeout		CODE           	26C4	0000	671
		_ValidateChannelId		CODE           	7418	0000	31
		_InitDefault433Channels		CODE           	63DA	0000	103
		_DutyCycleCallback		CODE           	2102	0000	745
		_InitDefault868Channels		CODE           	6374	0000	103
		_SelectChannelForTransmission		CODE           	662E	0000	97
		_ValidateChannelMask		CODE           	6EE0	0000	57
		_ValidateDataRate		CODE           	7690	0000	21
		_ValidateRxOffset		CODE           	767C	0000	21
		_ValidateDataRange		CODE           	6F84	0000	53
		_SetCallbackSoftwareTimers		CODE           	5574	0000	183
		_StartReTxTimer		CODE           	43D2	0000	309
		_SearchAvailableChannel		CODE           	4F02	0000	225
		_EnableChannels		CODE           	7666	0000	23
		_UpdateFrequency		CODE           	6E6E	0000	59
		_ValidateFrequency		CODE           	674A	0000	93
		_EnableChannels1		CODE           	67A6	0000	89
		_ExecuteRxParamSetupReq		CODE           	428A	0000	329
		_UpdateDLSettings		CODE           	7572	0000	27
		_GetRx1Freq    		CODE           	76CC	0000	19
		_ValidateTxPower		CODE           	7336	0000	35
		_LORAWAN_Init  		CODE           	66EC	0000	95
		_ConfigureRadioTx		CODE           	6BF4	0000	73
		_LORAWAN_Reset 		CODE           	3E80	0000	351
		_ExecuteDutyCycle		CODE           	694C	0000	79
		_UpdateCfList  		CODE           	3194	0000	457
		_LORAWAN_SetChannelIdStatus		CODE           	6EA8	0000	57
		_StopAllSoftwareTimers		CODE           	69E8	0000	79
		_UpdateChannelIdStatus		CODE           	475E	0000	263
		_ConfigureRadio		CODE           	5B78	0000	143
		_LORAWAN_TxDone		CODE           	0AFA	0000	2185
		_ExecuteDevStatus		CODE           	77DC	0000	11
		_CreateAllSoftwareTimers		CODE           	68FA	0000	83

mcc_generated_files/LoRaWAN/lorawan_eu.c estimated size: 8378

mcc_generated_files/mcc.c
		_OSCILLATOR_Initialize		CODE           	7762	0000	13
		_SYSTEM_Initialize		CODE           	737A	0000	33

mcc_generated_files/mcc.c estimated size: 46

mcc_generated_files/tmr3.c
		_TMR3_ISR      		CODE           	7746	0000	15
		_TMR3_Initialize		CODE           	71E2	0000	41
		_TMR3_SetInterruptHandler		CODE           	77AA	0000	11
		_TMR3_DefaultInterruptHandler		CODE           	78D2	0000	3
		_TMR3_CallBack 		CODE           	74E6	0000	29
		_TMR3_StartTimer		CODE           	78A6	0000	5

mcc_generated_files/tmr3.c estimated size: 104

C:\Program Files (x86)\Microchip\xc8\v1.38\sources\common\memset.c
		_memset        		CODE           	71B8	0000	43

C:\Program Files (x86)\Microchip\xc8\v1.38\sources\common\memset.c estimated size: 43

mcc_generated_files/tmr1.c
		_TMR1_Initialize		CODE           	725A	0000	39
		_TMR1_SetInterruptHandler		CODE           	77B4	0000	11
		_TMR1_DefaultInterruptHandler		CODE           	78D4	0000	3
		_TMR1_CallBack 		CODE           	7502	0000	29
		_TMR1_WriteTimer		CODE           	74CA	0000	29
		_TMR1_StartTimer		CODE           	78AA	0000	5
		_TMR1_ReadTimer		CODE           	7472	0000	31
		_TMR1_ISR      		CODE           	7754	0000	15

mcc_generated_files/tmr1.c estimated size: 162

mcc_generated_files/LoRaWAN/AES.c
		_AESEncode     		CODE           	23EA	0000	731
		_EncKeySchedule		CODE           	2962	0000	597
		_EncodeShiftRow		CODE           	3D1E	0000	355

mcc_generated_files/LoRaWAN/AES.c estimated size: 1683

mcc_generated_files/spi2.c
		_SPI2_Exchange8bit		CODE           	76F0	0000	17
		_SPI2_Initialize		CODE           	779E	0000	13

mcc_generated_files/spi2.c estimated size: 30

C:\Program Files (x86)\Microchip\xc8\v1.38\sources\common\abdiv.c
		___abdiv       		CODE           	6856	0000	83

C:\Program Files (x86)\Microchip\xc8\v1.38\sources\common\abdiv.c estimated size: 83

main.c
		_LoRaSleep     		CODE           	73BA	0000	33
		_readAndSend   		CODE           	6242	0000	103
		_LoRaWakeUp    		CODE           	782A	0000	9
		_main          		CODE           	5ADC	0000	157
		_IO_pins_init  		CODE           	76DE	0000	19
		_handle16sInterrupt		CODE           	76B8	0000	21
		_SysConfigSleep		CODE           	60FE	0000	113
		_RxJoinResponse		CODE           	78B6	0000	5
		_ADC_Read      		CODE           	6F18	0000	55
		_ADC_SelChannel		CODE           	75C0	0000	25
		_RxDataDone    		CODE           	78D0	0000	3
		_ADC_Init      		CODE           	7738	0000	15

main.c estimated size: 558

